// 6.10.3.3 The ## operator
// EXAMPLE

char p[] = "x ## y"; // equivalent to
                       // char p[] = "x ## y";

// 6.10.3.4 Rescanning and further replacement
// EXAMPLE
2*f(9)


// 6.10.3.5 Scope of macro definitions
// EXAMPLE 1


int table[100];


// EXAMPLE 2


((x) > (y) ? (x): (y))


// EXAMPLE 3

f(2 * (y+1)) + f(2 * (f(2 * (z[0])))) % f(2 * (0)) + t(1);
f(2 * (2+(3,4)-0,1)) | f(2 * (\~{ } 5)) & f(2 * (0,1))^m(0,1);
int i[] = { 1, 23, 4, 5, };
char c[2][6] = { "hello", "" };